// Jest Snapshot v1, https://goo.gl/fbAQLP

exports[`Should render AddExpense page correctly 1`] = `
<div>
  <div
    className="page-header"
  >
    <div
      className="content-containter"
    >
      <h1
        className="header__title"
      >
        Add Expense
      </h1>
    </div>
  </div>
  <div
    className="content-containter"
  >
    <Expenseform
      onSubmit={[Function]}
    />
  </div>
</div>
`;
